
> akashiq@0.1.0 build
> next build

▲ Next.js 16.3.3 (Turbopack)
- Environments: .env
✓ Running next.config.ts took 60ms

  Creating an optimized production build ...
✓ Compiled successfully in 3.4s
  Running TypeScript ...
  Finished TypeScript in 6.1s ...
  Collecting page data using 11 workers ...
  Generating static pages using 11 workers (0/4) ...
  Generating static pages using 11 workers (1/4) 
  Generating static pages using 11 workers (2/4) 
  Generating static pages using 11 workers (3/4) 
✓ Generating static pages using 11 workers (4/4) in 267ms
Turbopack build encountered 1 warning:
./src/app/api/admin/docs/[id]/route.ts:25:16
Warning: Dynamic filesystem access causes tracing of the whole project
  [90m23 |[0m
  [90m24 |[0m   [90m// ponytail: baca disk lokal; deploy Vercel -> ganti ke Blob signed URL[0m
[33m[1m>[0m [90m25 |[0m   [36mconst[0m full = path.join(process.cwd(), doc.filePath);
  [90m   |[0m                [33m[1m^^^^^^^^^^^^^^^^^^^^^^^^^^^^^^^^^^^^^^[0m
  [90m26 |[0m   [36mtry[0m {
  [90m27 |[0m     [36mconst[0m data = [36mawait[0m readFile(full);
  [90m28 |[0m     [36mconst[0m ext = (doc.fileName.split([32m"."[0m).pop() || [32m""[0m).toLowerCase();

Static analysis determined that this filesystem access causes the whole project to be traced and included in the output.
This is usually unintentional and leads to all source files (including the public folder) to be deployed as part of the server code.
This can slow down deployments or lead to failures when size limits are exceeded.
To resolve this, you can
- make sure the path is statically scoped to some subfolder, for example path.join(process.cwd(), 'data', bar), or
- only use them in development, or
- opt out by adding an ignore comment to the highlighted call: path.join(/*turbopackIgnore: true*/ ...), or
- remove them.

Import trace:
  App Route:
    ./src/app/api/admin/docs/[id]/route.ts
    ./src/app/api/admin/docs/[id]/route.ts


  Finalizing page optimization ...
